[2025-11-22 16:09:05,975] INFO root:31 - \u2705 MongoDB connection string loaded from environment successfully.
[2025-11-22 16:09:06,265] INFO root:52 - ==========================================================================================
[2025-11-22 16:09:06,265] INFO root:53 - \U0001f680 Starting AutoCare Diabetes ML Training Pipeline
[2025-11-22 16:09:06,265] INFO root:54 - ==========================================================================================
[2025-11-22 16:09:06,265] INFO root:60 - \u2699 Training Pipeline Configuration Initialized.
[2025-11-22 16:09:06,265] INFO root:65 - \U0001f4e5 Initiating Data Ingestion...
[2025-11-22 16:09:06,265] INFO root:58 - \u2705 DataIngestion instance created successfully.
[2025-11-22 16:09:06,269] INFO root:165 - \U0001f680 Starting Data Ingestion Process...
[2025-11-22 16:09:06,269] INFO root:77 - \U0001f510 Connecting securely to MongoDB Atlas...
[2025-11-22 16:09:12,682] ERROR root:128 - \u274c Exception occurred during pipeline execution.
Traceback (most recent call last):
  File "D:\AutoCare\machine_learning\training\stroke\stroke_work\components\data_ingestion.py", line 84, in export_collection_as_dataframe
    raise ValueError("\u274c No data found in the specified MongoDB collection.")
ValueError: \u274c No data found in the specified MongoDB collection.

During handling of the above exception, another exception occurred:

Traceback (most recent call last):
  File "D:\AutoCare\machine_learning\training\stroke\stroke_work\components\data_ingestion.py", line 168, in initiate_data_ingestion
    dataframe = self.export_collection_as_dataframe()
                ^^^^^^^^^^^^^^^^^^^^^^^^^^^^^^^^^^^^^
  File "D:\AutoCare\machine_learning\training\stroke\stroke_work\components\data_ingestion.py", line 106, in export_collection_as_dataframe
    raise AutoCareException(e, sys)
autocare_utils.exception.AutoCareException: Error occurred in python script name [D:\AutoCare\machine_learning\training\stroke\stroke_work\components\data_ingestion.py] line number [84] error message [\u274c No data found in the specified MongoDB collection.]

During handling of the above exception, another exception occurred:

Traceback (most recent call last):
  File "d:\AutoCare\machine_learning\training\stroke\stroke_work\pipeline\training_pipeline.py", line 69, in <module>
    data_ingestion_artifact = data_ingestion.initiate_data_ingestion()
                              ^^^^^^^^^^^^^^^^^^^^^^^^^^^^^^^^^^^^^^^^
  File "D:\AutoCare\machine_learning\training\stroke\stroke_work\components\data_ingestion.py", line 186, in initiate_data_ingestion
    raise AutoCareException(e, sys)
autocare_utils.exception.AutoCareException: Error occurred in python script name [D:\AutoCare\machine_learning\training\stroke\stroke_work\components\data_ingestion.py] line number [168] error message [Error occurred in python script name [D:\AutoCare\machine_learning\training\stroke\stroke_work\components\data_ingestion.py] line number [84] error message [\u274c No data found in the specified MongoDB collection.]]
