[2025-11-27 10:38:58,112] INFO root:31 - \u2705 MongoDB connection string loaded from environment successfully.
[2025-11-27 10:38:58,312] INFO root:39 - ==========================================================================================
[2025-11-27 10:38:58,312] INFO root:40 - \U0001f680 Starting AutoCare Stroke Training Pipeline
[2025-11-27 10:38:58,312] INFO root:41 - ==========================================================================================
[2025-11-27 10:38:58,312] INFO root:58 - \u2705 DataIngestion instance created successfully.
[2025-11-27 10:38:58,312] INFO root:165 - \U0001f680 Starting Data Ingestion Process...
[2025-11-27 10:38:58,312] INFO root:77 - \U0001f510 Connecting securely to MongoDB Atlas...
[2025-11-27 10:39:13,686] INFO root:90 - \u2705 Fetched 239023 rows and 10 columns from MongoDB collection.
[2025-11-27 10:39:14,511] INFO root:123 - \U0001f4e6 Raw data saved to feature store at: machine_learning\training\stroke\stroke_work\Artifacts\27_11_2025_10_38_58\data_ingestion\raw_data\Stroke_Final_data.xlsx
[2025-11-27 10:39:14,511] INFO root:136 - \u2702 Performing train-test split on dataset...
[2025-11-27 10:39:15,427] INFO root:150 - \u2705 Train-Test Split Completed: Train((191218, 10)), Test((47805, 10))
[2025-11-27 10:39:15,443] INFO root:182 - \U0001f3c1 Data Ingestion Completed Successfully.
[2025-11-27 10:39:15,494] INFO root:50 - Schema file loaded successfully from machine_learning\training\stroke\stroke_work\schema\stroke_schema.yaml
[2025-11-27 10:39:15,494] INFO root:150 - \U0001f680 Initiating Data Validation Process...
[2025-11-27 10:39:15,494] INFO root:59 - Reading dataset from: machine_learning\training\stroke\stroke_work\Artifacts\27_11_2025_10_38_58\data_ingestion\ingested\train.csv
[2025-11-27 10:39:15,741] INFO root:59 - Reading dataset from: machine_learning\training\stroke\stroke_work\Artifacts\27_11_2025_10_38_58\data_ingestion\ingested\test.csv
[2025-11-27 10:39:15,777] INFO root:73 - Schema requires 10 columns.
[2025-11-27 10:39:15,777] INFO root:74 - DataFrame contains 10 columns.
[2025-11-27 10:39:15,777] INFO root:84 - \u2705 Column validation successful.
[2025-11-27 10:39:15,777] INFO root:73 - Schema requires 10 columns.
[2025-11-27 10:39:15,777] INFO root:74 - DataFrame contains 10 columns.
[2025-11-27 10:39:15,777] INFO root:84 - \u2705 Column validation successful.
[2025-11-27 10:39:15,777] INFO root:98 - Starting dataset drift detection...
[2025-11-27 10:39:16,009] WARNING root:127 - \u26a0 Drift detected in column: bmi
[2025-11-27 10:39:16,337] INFO root:134 - \u2705 Drift report saved at: machine_learning\training\stroke\stroke_work\Artifacts\27_11_2025_10_38_58\data_validation\drift_store\report.yaml
[2025-11-27 10:39:17,139] INFO root:180 - \u2705 Validated datasets saved successfully.
[2025-11-27 10:39:17,139] INFO root:192 - \U0001f3af Data Validation Completed | Drift Status: False
[2025-11-27 10:39:17,148] WARNING root:59 - \u26a0 Drift or schema issues detected — continuing training (Option-C).
[2025-11-27 10:39:18,797] INFO root:91 - Entered the save object method of MainUtils class
[2025-11-27 10:39:18,799] INFO root:98 - exited the save object method of MainUtils class
[2025-11-27 10:39:18,823] INFO root:43 - \u2705 Stroke ModelTrainer created.
[2025-11-27 10:39:18,823] INFO root:112 - \U0001f680 Starting Stroke model training...
[2025-11-27 10:39:18,823] INFO root:49 - \U0001f4e5 Loading transformed arrays...
[2025-11-27 10:39:18,840] INFO root:56 - \U0001f4ca Train shape: (191218, 7), Test shape: (47805, 7)
[2025-11-27 10:39:18,840] INFO root:137 - \U0001f539 GridSearchCV for LogisticRegression
[2025-11-27 10:39:25,323] INFO root:148 -    LogisticRegression | CV F1: 0.0000 | Train F1: 0.0000 | Test F1: 0.0000
[2025-11-27 10:39:25,323] INFO root:137 - \U0001f539 GridSearchCV for RandomForest
[2025-11-27 10:41:21,350] INFO root:148 -    RandomForest | CV F1: 0.0593 | Train F1: 0.5054 | Test F1: 0.0642
[2025-11-27 10:41:21,351] INFO root:137 - \U0001f539 GridSearchCV for GradientBoosting
[2025-11-27 10:43:20,529] INFO root:148 -    GradientBoosting | CV F1: 0.0008 | Train F1: 0.0044 | Test F1: 0.0008
[2025-11-27 10:43:20,529] INFO root:137 - \U0001f539 GridSearchCV for XGBoost
[2025-11-27 10:43:49,433] INFO root:148 -    XGBoost | CV F1: 0.0008 | Train F1: 0.0106 | Test F1: 0.0017
[2025-11-27 10:43:49,433] INFO root:168 - \U0001f4dc Model Comparison Summary:
[2025-11-27 10:43:49,434] INFO root:169 - {
  "LogisticRegression": {
    "cv_best_f1": 0.0,
    "best_params": {
      "C": 0.01
    },
    "train_f1": 0.0,
    "test_f1": 0.0,
    "test_accuracy_percent": 94.9816964752641,
    "precision": 0.0,
    "recall": 0.0,
    "training_time_sec": 6.370840549468994
  },
  "RandomForest": {
    "cv_best_f1": 0.05930566836468957,
    "best_params": {
      "max_depth": null,
      "n_estimators": 200
    },
    "train_f1": 0.5053952705288131,
    "test_f1": 0.06420642064206421,
    "test_accuracy_percent": 93.47557786842381,
    "precision": 0.1145610278372591,
    "recall": 0.04460191746561067,
    "training_time_sec": 112.28053212165833
  },
  "GradientBoosting": {
    "cv_best_f1": 0.0008324229316347178,
    "best_params": {
      "learning_rate": 0.1,
      "n_estimators": 200
    },
    "train_f1": 0.004374544318300177,
    "test_f1": 0.0008326394671107411,
    "test_accuracy_percent": 94.9796046438657,
    "precision": 0.3333333333333333,
    "recall": 0.00041684035014589413,
    "training_time_sec": 118.79021787643433
  },
  "XGBoost": {
    "cv_best_f1": 0.000830418001287519,
    "best_params": {
      "learning_rate": 0.1,
      "max_depth": 7,
      "n_estimators": 200
    },
    "train_f1": 0.010590800539923164,
    "test_f1": 0.0016632016632016633,
    "test_accuracy_percent": 94.97751281246731,
    "precision": 0.3333333333333333,
    "recall": 0.0008336807002917883,
    "training_time_sec": 28.28140687942505
  }
}
[2025-11-27 10:43:49,434] INFO root:174 - \U0001f3c6 Best Model: RandomForest | Test F1: 0.0642
[2025-11-27 10:43:49,434] INFO root:90 - Legacy object is transformer — returning it.
[2025-11-27 10:43:49,434] INFO root:91 - Entered the save object method of MainUtils class
[2025-11-27 10:43:50,096] INFO root:98 - exited the save object method of MainUtils class
[2025-11-27 10:43:50,096] INFO root:193 - \u2705 Inference pipeline saved: machine_learning\training\stroke\stroke_work\model_processor\model.pkl
[2025-11-27 10:43:50,096] INFO root:91 - Entered the save object method of MainUtils class
[2025-11-27 10:43:50,096] INFO root:98 - exited the save object method of MainUtils class
[2025-11-27 10:43:50,096] INFO root:197 - \u2705 Preprocessor saved: machine_learning\training\stroke\stroke_work\model_processor\preprocessor.pkl
[2025-11-27 10:43:50,096] INFO root:91 - Entered the save object method of MainUtils class
[2025-11-27 10:43:50,563] INFO root:98 - exited the save object method of MainUtils class
[2025-11-27 10:43:50,563] INFO root:203 - \U0001f4e6 Raw estimator saved: machine_learning\training\stroke\stroke_work\Artifacts\27_11_2025_10_38_58\model_trainer\trained_model\model.pkl
[2025-11-27 10:43:50,563] INFO root:214 - \u2705 Stroke Model training completed.
[2025-11-27 10:43:50,623] INFO root:78 - ==========================================================================================
[2025-11-27 10:43:50,625] INFO root:79 - \U0001f3c1 AutoCare Stroke Training Pipeline Completed
[2025-11-27 10:43:50,625] INFO root:80 - ==========================================================================================
