[2025-11-19 11:58:43,681] INFO root:31 - \u2705 MongoDB connection string loaded from environment successfully.
[2025-11-19 11:58:43,981] INFO root:52 - ==========================================================================================
[2025-11-19 11:58:43,981] INFO root:53 - \U0001f680 Starting AutoCare Diabetes ML Training Pipeline
[2025-11-19 11:58:43,981] INFO root:54 - ==========================================================================================
[2025-11-19 11:58:43,981] INFO root:60 - \u2699 Training Pipeline Configuration Initialized.
[2025-11-19 11:58:43,981] INFO root:65 - \U0001f4e5 Initiating Data Ingestion...
[2025-11-19 11:58:43,981] INFO root:58 - \u2705 DataIngestion instance created successfully.
[2025-11-19 11:58:43,981] INFO root:165 - \U0001f680 Starting Data Ingestion Process...
[2025-11-19 11:58:43,981] INFO root:77 - \U0001f510 Connecting securely to MongoDB Atlas...
[2025-11-19 11:58:58,095] INFO root:90 - \u2705 Fetched 239023 rows and 12 columns from MongoDB collection.
[2025-11-19 11:58:59,039] INFO root:123 - \U0001f4e6 Raw data saved to feature store at: machine_learning\training\stroke\stroke_work\Artifacts\19_11_2025_11_58_43\data_ingestion\raw_data\stroke_73733 _Final_data.xlsx
[2025-11-19 11:58:59,039] INFO root:136 - \u2702 Performing train-test split on dataset...
[2025-11-19 11:58:59,872] INFO root:150 - \u2705 Train-Test Split Completed: Train((191218, 12)), Test((47805, 12))
[2025-11-19 11:58:59,887] INFO root:182 - \U0001f3c1 Data Ingestion Completed Successfully.
[2025-11-19 11:58:59,919] INFO root:70 - \u2705 Data Ingestion Completed Successfully.
[2025-11-19 11:58:59,934] INFO root:76 - \U0001f50d Initiating Data Validation...
[2025-11-19 11:58:59,935] INFO root:50 - Schema file loaded successfully from machine_learning\training\stroke\stroke_work\schema\stroke_schema.yaml
[2025-11-19 11:58:59,935] INFO root:150 - \U0001f680 Initiating Data Validation Process...
[2025-11-19 11:58:59,935] INFO root:59 - Reading dataset from: machine_learning\training\stroke\stroke_work\Artifacts\19_11_2025_11_58_43\data_ingestion\ingested\train.csv
[2025-11-19 11:59:00,109] INFO root:59 - Reading dataset from: machine_learning\training\stroke\stroke_work\Artifacts\19_11_2025_11_58_43\data_ingestion\ingested\test.csv
[2025-11-19 11:59:00,157] INFO root:73 - Schema requires 12 columns.
[2025-11-19 11:59:00,157] INFO root:74 - DataFrame contains 12 columns.
[2025-11-19 11:59:00,157] INFO root:84 - \u2705 Column validation successful.
[2025-11-19 11:59:00,157] INFO root:73 - Schema requires 12 columns.
[2025-11-19 11:59:00,157] INFO root:74 - DataFrame contains 12 columns.
[2025-11-19 11:59:00,157] INFO root:84 - \u2705 Column validation successful.
[2025-11-19 11:59:00,157] INFO root:98 - Starting dataset drift detection...
[2025-11-19 11:59:00,739] INFO root:134 - \u2705 Drift report saved at: machine_learning\training\stroke\stroke_work\Artifacts\19_11_2025_11_58_43\data_validation\drift_store\report.yaml
[2025-11-19 11:59:01,494] INFO root:180 - \u2705 Validated datasets saved successfully.
[2025-11-19 11:59:01,494] INFO root:192 - \U0001f3af Data Validation Completed | Drift Status: True
[2025-11-19 11:59:01,494] INFO root:84 - \u2705 Data Validation Completed Successfully.
[2025-11-19 11:59:01,494] INFO root:95 - \u2699 Initiating Data Transformation...
[2025-11-19 11:59:01,494] INFO root:56 - \u2705 Stroke DataTransformation instance created successfully.
[2025-11-19 11:59:01,494] INFO root:147 - \U0001f680 Starting STROKE data transformation...
[2025-11-19 11:59:01,676] INFO root:67 - Loaded dataset: machine_learning\training\stroke\stroke_work\Artifacts\19_11_2025_11_58_43\data_validation\validated\train.csv, Shape: (191218, 12)
[2025-11-19 11:59:01,710] INFO root:67 - Loaded dataset: machine_learning\training\stroke\stroke_work\Artifacts\19_11_2025_11_58_43\data_validation\validated\test.csv, Shape: (47805, 12)
[2025-11-19 11:59:02,343] INFO root:136 - Processed DF Columns: ['age_category', 'gender', 'bmi', 'smoking', 'alcohol', 'heart_disease', 'diabetes', 'sleeptime', 'physactivity', 'stress_category', 'diffwalk', 'stroke']
[2025-11-19 11:59:02,572] INFO root:136 - Processed DF Columns: ['age_category', 'gender', 'bmi', 'smoking', 'alcohol', 'heart_disease', 'diabetes', 'sleeptime', 'physactivity', 'stress_category', 'diffwalk', 'stroke']
[2025-11-19 11:59:02,995] INFO root:90 - Entered the save object method of MainUtils class
[2025-11-19 11:59:03,005] INFO root:97 - exited the save object method of MainUtils class
[2025-11-19 11:59:03,005] INFO root:185 - Preprocessor saved at: machine_learning\training\stroke\stroke_work\Artifacts\19_11_2025_11_58_43\data_transformation\transformed_object\preprocessing.pkl
[2025-11-19 11:59:03,029] INFO root:200 - \u2705 STROKE Data Transformation Completed!
[2025-11-19 11:59:03,037] INFO root:103 - \u2705 Data Transformation Completed Successfully.
[2025-11-19 11:59:03,043] INFO root:109 - \U0001f916 Initiating Model Training...
[2025-11-19 11:59:03,044] INFO root:52 - \u2705 ModelTrainer instance created successfully.
[2025-11-19 11:59:03,044] INFO root:106 - \U0001f680 Initiating Model Training Process...
[2025-11-19 11:59:03,044] INFO root:61 - \U0001f4e5 Loading transformed train/test arrays...
[2025-11-19 11:59:03,061] INFO root:68 - \U0001f4ca Train shape: (191218, 8), Test shape: (47805, 8)
[2025-11-19 11:59:03,061] INFO root:142 - \U0001f539 Starting GridSearchCV for: LogisticRegression
[2025-11-19 11:59:10,819] INFO root:153 - \u2705 LogisticRegression tuning completed in 7.8 sec
[2025-11-19 11:59:10,819] INFO root:154 -    \U0001f527 Best Params: {'C': 0.01}
[2025-11-19 11:59:10,819] INFO root:155 -    \U0001f4c8 CV Best F1: 0.0000
[2025-11-19 11:59:10,929] INFO root:159 -    \U0001f4ca Train F1: 0.0000, Test F1: 0.0000
[2025-11-19 11:59:10,929] INFO root:142 - \U0001f539 Starting GridSearchCV for: RandomForest
[2025-11-19 12:01:13,462] INFO root:153 - \u2705 RandomForest tuning completed in 122.5 sec
[2025-11-19 12:01:13,463] INFO root:154 -    \U0001f527 Best Params: {'max_depth': None, 'n_estimators': 100}
[2025-11-19 12:01:13,463] INFO root:155 -    \U0001f4c8 CV Best F1: 0.0948
[2025-11-19 12:01:15,404] INFO root:159 -    \U0001f4ca Train F1: 0.4538, Test F1: 0.0886
[2025-11-19 12:01:15,404] INFO root:142 - \U0001f539 Starting GridSearchCV for: GradientBoosting
[2025-11-19 12:03:29,252] INFO root:153 - \u2705 GradientBoosting tuning completed in 133.8 sec
[2025-11-19 12:03:29,252] INFO root:154 -    \U0001f527 Best Params: {'learning_rate': 0.1, 'n_estimators': 200}
[2025-11-19 12:03:29,252] INFO root:155 -    \U0001f4c8 CV Best F1: 0.0017
[2025-11-19 12:03:29,781] INFO root:159 -    \U0001f4ca Train F1: 0.0040, Test F1: 0.0008
[2025-11-19 12:03:29,781] INFO root:142 - \U0001f539 Starting GridSearchCV for: XGBoost
[2025-11-19 12:04:02,399] INFO root:153 - \u2705 XGBoost tuning completed in 32.6 sec
[2025-11-19 12:04:02,399] INFO root:154 -    \U0001f527 Best Params: {'learning_rate': 0.1, 'max_depth': 7, 'n_estimators': 200}
[2025-11-19 12:04:02,399] INFO root:155 -    \U0001f4c8 CV Best F1: 0.0064
[2025-11-19 12:04:02,980] INFO root:159 -    \U0001f4ca Train F1: 0.0100, Test F1: 0.0042
[2025-11-19 12:04:02,980] INFO root:182 - \U0001f4dc Model Comparison Summary:
[2025-11-19 12:04:02,980] INFO root:183 - {
  "LogisticRegression": {
    "cv_best_f1": 0.0,
    "best_params": {
      "C": 0.01
    },
    "train_f1": 0.0,
    "test_f1": 0.0,
    "test_accuracy_percent": 94.98582769404554,
    "precision": 0.0,
    "recall": 0.0,
    "training_time_sec": 7.758029222488403
  },
  "RandomForest": {
    "cv_best_f1": 0.09477231321735446,
    "best_params": {
      "max_depth": null,
      "n_estimators": 100
    },
    "train_f1": 0.45381026438569205,
    "test_f1": 0.08859223300970874,
    "test_accuracy_percent": 96.32670564486607,
    "precision": 0.16132596685082873,
    "recall": 0.06106231702216646,
    "training_time_sec": 122.53266286849976
  },
  "GradientBoosting": {
    "cv_best_f1": 0.0016622558786144918,
    "best_params": {
      "learning_rate": 0.1,
      "n_estimators": 200
    },
    "train_f1": 0.003952980339124103,
    "test_f1": 0.0008350730688935282,
    "test_accuracy_percent": 94.99262621719713,
    "precision": 0.25,
    "recall": 0.0004182350480970305,
    "training_time_sec": 133.84862232208252
  },
  "XGBoost": {
    "cv_best_f1": 0.006386694676986947,
    "best_params": {
      "learning_rate": 0.1,
      "max_depth": 7,
      "n_estimators": 200
    },
    "train_f1": 0.009950248756218905,
    "test_f1": 0.004161464835622139,
    "test_accuracy_percent": 95.00465437354224,
    "precision": 0.4166666666666667,
    "recall": 0.002091175240485153,
    "training_time_sec": 32.61854100227356
  }
}
[2025-11-19 12:04:02,980] INFO root:188 - \U0001f3c6 Best Model: RandomForest | Test F1: 0.0886
[2025-11-19 12:04:02,980] INFO root:90 - Entered the save object method of MainUtils class
[2025-11-19 12:04:03,166] INFO root:97 - exited the save object method of MainUtils class
[2025-11-19 12:04:03,166] INFO root:200 - \u2705 Best model saved at: machine_learning\training\stroke\stroke_work\model_processor\model.pkl
[2025-11-19 12:04:03,166] INFO root:90 - Entered the save object method of MainUtils class
[2025-11-19 12:04:03,166] INFO root:97 - exited the save object method of MainUtils class
[2025-11-19 12:04:03,166] INFO root:208 - \u2705 Preprocessor saved at: machine_learning\training\stroke\stroke_work\model_processor\preprocessor.pkl
[2025-11-19 12:04:03,166] INFO root:90 - Entered the save object method of MainUtils class
[2025-11-19 12:04:03,395] INFO root:97 - exited the save object method of MainUtils class
[2025-11-19 12:04:03,395] INFO root:218 - \U0001f4e6 Model also stored under artifacts: machine_learning\training\stroke\stroke_work\Artifacts\19_11_2025_11_58_43\model_trainer\trained_model\model.pkl
[2025-11-19 12:04:03,395] INFO root:229 - \u2705 Model Training Completed Successfully.
[2025-11-19 12:04:03,425] INFO root:117 - \u2705 Model Training Completed Successfully.
[2025-11-19 12:04:03,425] INFO root:123 - ==========================================================================================
[2025-11-19 12:04:03,425] INFO root:124 - \U0001f3c1 AutoCare stroke Training Pipeline Finished Successfully!
[2025-11-19 12:04:03,425] INFO root:125 - ==========================================================================================
