[2025-11-19 11:21:04,350] INFO root:31 - \u2705 MongoDB connection string loaded from environment successfully.
[2025-11-19 11:21:20,056] INFO root:52 - ==========================================================================================
[2025-11-19 11:21:20,060] INFO root:53 - \U0001f680 Starting AutoCare Diabetes ML Training Pipeline
[2025-11-19 11:21:20,060] INFO root:54 - ==========================================================================================
[2025-11-19 11:21:20,060] INFO root:60 - \u2699 Training Pipeline Configuration Initialized.
[2025-11-19 11:21:20,060] INFO root:65 - \U0001f4e5 Initiating Data Ingestion...
[2025-11-19 11:21:20,060] INFO root:58 - \u2705 DataIngestion instance created successfully.
[2025-11-19 11:21:20,061] INFO root:165 - \U0001f680 Starting Data Ingestion Process...
[2025-11-19 11:21:20,061] INFO root:77 - \U0001f510 Connecting securely to MongoDB Atlas...
[2025-11-19 11:21:48,915] INFO root:90 - \u2705 Fetched 73733 rows and 11 columns from MongoDB collection.
[2025-11-19 11:21:49,156] INFO root:123 - \U0001f4e6 Raw data saved to feature store at: machine_learning\training\diabetes\diabetes_work\Artifacts\19_11_2025_11_21_04\data_ingestion\raw_data\Diabetes_Final_data.xlsx
[2025-11-19 11:21:49,156] INFO root:136 - \u2702 Performing train-test split on dataset...
[2025-11-19 11:21:49,470] INFO root:150 - \u2705 Train-Test Split Completed: Train((58986, 11)), Test((14747, 11))
[2025-11-19 11:21:49,474] INFO root:182 - \U0001f3c1 Data Ingestion Completed Successfully.
[2025-11-19 11:21:49,494] INFO root:70 - \u2705 Data Ingestion Completed Successfully.
[2025-11-19 11:21:49,494] INFO root:76 - \U0001f50d Initiating Data Validation...
[2025-11-19 11:21:49,499] INFO root:50 - Schema file loaded successfully from machine_learning\training\diabetes\diabetes_work\schema\diabetes_schema.yaml
[2025-11-19 11:21:49,499] INFO root:150 - \U0001f680 Initiating Data Validation Process...
[2025-11-19 11:21:49,499] INFO root:59 - Reading dataset from: machine_learning\training\diabetes\diabetes_work\Artifacts\19_11_2025_11_21_04\data_ingestion\ingested\train.csv
[2025-11-19 11:21:49,571] INFO root:59 - Reading dataset from: machine_learning\training\diabetes\diabetes_work\Artifacts\19_11_2025_11_21_04\data_ingestion\ingested\test.csv
[2025-11-19 11:21:49,606] INFO root:73 - Schema requires 11 columns.
[2025-11-19 11:21:49,606] INFO root:74 - DataFrame contains 11 columns.
[2025-11-19 11:21:49,606] INFO root:84 - \u2705 Column validation successful.
[2025-11-19 11:21:49,606] INFO root:73 - Schema requires 11 columns.
[2025-11-19 11:21:49,606] INFO root:74 - DataFrame contains 11 columns.
[2025-11-19 11:21:49,606] INFO root:84 - \u2705 Column validation successful.
[2025-11-19 11:21:49,606] INFO root:98 - Starting dataset drift detection...
[2025-11-19 11:21:49,895] INFO root:134 - \u2705 Drift report saved at: machine_learning\training\diabetes\diabetes_work\Artifacts\19_11_2025_11_21_04\data_validation\drift_store\report.yaml
[2025-11-19 11:21:50,090] INFO root:180 - \u2705 Validated datasets saved successfully.
[2025-11-19 11:21:50,090] INFO root:192 - \U0001f3af Data Validation Completed | Drift Status: True
[2025-11-19 11:21:50,090] INFO root:84 - \u2705 Data Validation Completed Successfully.
[2025-11-19 11:21:50,090] INFO root:95 - \u2699 Initiating Data Transformation...
[2025-11-19 11:21:50,090] INFO root:49 - \u2705 DataTransformation instance created successfully.
[2025-11-19 11:21:50,090] INFO root:157 - \U0001f680 Initiating data transformation...
[2025-11-19 11:21:50,174] INFO root:60 - Loaded dataset: machine_learning\training\diabetes\diabetes_work\Artifacts\19_11_2025_11_21_04\data_validation\validated\train.csv, Shape: (58986, 11)
[2025-11-19 11:21:50,191] INFO root:60 - Loaded dataset: machine_learning\training\diabetes\diabetes_work\Artifacts\19_11_2025_11_21_04\data_validation\validated\test.csv, Shape: (14747, 11)
[2025-11-19 11:21:50,469] INFO root:146 - DataFrame processed. Final columns: ['age_category', 'gender', 'bmi', 'hypertension', 'smoking', 'alcohol', 'highchol', 'diffwalk', 'stress_category', 'physactivity', 'diabetes']
[2025-11-19 11:21:50,532] INFO root:146 - DataFrame processed. Final columns: ['age_category', 'gender', 'bmi', 'hypertension', 'smoking', 'alcohol', 'highchol', 'diffwalk', 'stress_category', 'physactivity', 'diabetes']
[2025-11-19 11:21:50,592] INFO root:90 - Entered the save object method of MainUtils class
[2025-11-19 11:21:50,600] INFO root:97 - exited the save object method of MainUtils class
[2025-11-19 11:21:50,600] INFO root:194 - Preprocessor object saved at: machine_learning\training\diabetes\diabetes_work\Artifacts\19_11_2025_11_21_04\data_transformation\transformed_object\preprocessing.pkl
[2025-11-19 11:21:50,609] INFO root:203 - Transformed train/test arrays saved successfully.
[2025-11-19 11:21:50,610] INFO root:212 - \u2705 Data Transformation completed successfully.
[2025-11-19 11:21:50,611] INFO root:103 - \u2705 Data Transformation Completed Successfully.
[2025-11-19 11:21:50,611] INFO root:109 - \U0001f916 Initiating Model Training...
[2025-11-19 11:21:50,611] INFO root:52 - \u2705 ModelTrainer instance created successfully.
[2025-11-19 11:21:50,611] INFO root:106 - \U0001f680 Initiating Model Training Process...
[2025-11-19 11:21:50,611] INFO root:61 - \U0001f4e5 Loading transformed train/test arrays...
[2025-11-19 11:21:50,621] INFO root:68 - \U0001f4ca Train shape: (58986, 10), Test shape: (14747, 10)
[2025-11-19 11:21:50,621] INFO root:142 - \U0001f539 Starting GridSearchCV for: LogisticRegression
[2025-11-19 11:21:57,113] INFO root:153 - \u2705 LogisticRegression tuning completed in 6.5 sec
[2025-11-19 11:21:57,113] INFO root:154 -    \U0001f527 Best Params: {'C': 0.1}
[2025-11-19 11:21:57,113] INFO root:155 -    \U0001f4c8 CV Best F1: 0.2511
[2025-11-19 11:21:57,171] INFO root:159 -    \U0001f4ca Train F1: 0.2527, Test F1: 0.2335
[2025-11-19 11:21:57,171] INFO root:142 - \U0001f539 Starting GridSearchCV for: RandomForest
