[2025-11-08 12:46:16,912] 35 root - INFO - ========================================================================================== 
[2025-11-08 12:46:16,912] 36 root - INFO - \U0001f680 Starting AutoCare Diabetes ML Training Pipeline 
[2025-11-08 12:46:16,912] 37 root - INFO - ========================================================================================== 
[2025-11-08 12:46:16,912] 50 root - INFO - \U0001f4e5 Initiating Data Ingestion... 
[2025-11-08 12:46:51,684] 110 root - ERROR - \u274c Exception occurred during pipeline execution. 
Traceback (most recent call last):
  File "D:\AutoCare\machine_learning\training\diabetes\diabetes_work\components\data_ingestion.py", line 76, in export_collection_as_dataframe
    df = pd.DataFrame(list(collection.find()))
                      ^^^^^^^^^^^^^^^^^^^^^^^
  File "D:\AutoCare\.venv\Lib\site-packages\pymongo\synchronous\cursor.py", line 1289, in __next__
    return self.next()
           ^^^^^^^^^^^
  File "D:\AutoCare\.venv\Lib\site-packages\pymongo\synchronous\cursor.py", line 1265, in next
    if len(self._data) or self._refresh():
                          ^^^^^^^^^^^^^^^
  File "D:\AutoCare\.venv\Lib\site-packages\pymongo\synchronous\cursor.py", line 1213, in _refresh
    self._send_message(q)
  File "D:\AutoCare\.venv\Lib\site-packages\pymongo\synchronous\cursor.py", line 1108, in _send_message
    response = client._run_operation(
               ^^^^^^^^^^^^^^^^^^^^^^
  File "D:\AutoCare\.venv\Lib\site-packages\pymongo\_csot.py", line 125, in csot_wrapper
    return func(self, *args, **kwargs)
           ^^^^^^^^^^^^^^^^^^^^^^^^^^^
  File "D:\AutoCare\.venv\Lib\site-packages\pymongo\synchronous\mongo_client.py", line 1938, in _run_operation
    return self._retryable_read(
           ^^^^^^^^^^^^^^^^^^^^^
  File "D:\AutoCare\.venv\Lib\site-packages\pymongo\synchronous\mongo_client.py", line 2047, in _retryable_read
    return self._retry_internal(
           ^^^^^^^^^^^^^^^^^^^^^
  File "D:\AutoCare\.venv\Lib\site-packages\pymongo\_csot.py", line 125, in csot_wrapper
    return func(self, *args, **kwargs)
           ^^^^^^^^^^^^^^^^^^^^^^^^^^^
  File "D:\AutoCare\.venv\Lib\site-packages\pymongo\synchronous\mongo_client.py", line 2014, in _retry_internal
    ).run()
      ^^^^^
  File "D:\AutoCare\.venv\Lib\site-packages\pymongo\synchronous\mongo_client.py", line 2765, in run
    return self._read() if self._is_read else self._write()
           ^^^^^^^^^^^^
  File "D:\AutoCare\.venv\Lib\site-packages\pymongo\synchronous\mongo_client.py", line 2910, in _read
    self._server = self._get_server()
                   ^^^^^^^^^^^^^^^^^^
  File "D:\AutoCare\.venv\Lib\site-packages\pymongo\synchronous\mongo_client.py", line 2858, in _get_server
    return self._client._select_server(
           ^^^^^^^^^^^^^^^^^^^^^^^^^^^^
  File "D:\AutoCare\.venv\Lib\site-packages\pymongo\synchronous\mongo_client.py", line 1833, in _select_server
    server = topology.select_server(
             ^^^^^^^^^^^^^^^^^^^^^^^
  File "D:\AutoCare\.venv\Lib\site-packages\pymongo\synchronous\topology.py", line 409, in select_server
    server = self._select_server(
             ^^^^^^^^^^^^^^^^^^^^
  File "D:\AutoCare\.venv\Lib\site-packages\pymongo\synchronous\topology.py", line 387, in _select_server
    servers = self.select_servers(
              ^^^^^^^^^^^^^^^^^^^^
  File "D:\AutoCare\.venv\Lib\site-packages\pymongo\synchronous\topology.py", line 294, in select_servers
    server_descriptions = self._select_servers_loop(
                          ^^^^^^^^^^^^^^^^^^^^^^^^^^
  File "D:\AutoCare\.venv\Lib\site-packages\pymongo\synchronous\topology.py", line 344, in _select_servers_loop
    raise ServerSelectionTimeoutError(
pymongo.errors.ServerSelectionTimeoutError: SSL handshake failed: ac-y0fvbni-shard-00-00.gilugwr.mongodb.net:27017: [SSL: TLSV1_ALERT_INTERNAL_ERROR] tlsv1 alert internal error (_ssl.c:1006) (configured timeouts: socketTimeoutMS: 20000.0ms, connectTimeoutMS: 20000.0ms),SSL handshake failed: ac-y0fvbni-shard-00-02.gilugwr.mongodb.net:27017: [SSL: TLSV1_ALERT_INTERNAL_ERROR] tlsv1 alert internal error (_ssl.c:1006) (configured timeouts: socketTimeoutMS: 20000.0ms, connectTimeoutMS: 20000.0ms),SSL handshake failed: ac-y0fvbni-shard-00-01.gilugwr.mongodb.net:27017: [SSL: TLSV1_ALERT_INTERNAL_ERROR] tlsv1 alert internal error (_ssl.c:1006) (configured timeouts: socketTimeoutMS: 20000.0ms, connectTimeoutMS: 20000.0ms), Timeout: 30s, Topology Description: <TopologyDescription id: 690eee40a3ec77ada40fef5f, topology_type: ReplicaSetNoPrimary, servers: [<ServerDescription ('ac-y0fvbni-shard-00-00.gilugwr.mongodb.net', 27017) server_type: Unknown, rtt: None, error=AutoReconnect('SSL handshake failed: ac-y0fvbni-shard-00-00.gilugwr.mongodb.net:27017: [SSL: TLSV1_ALERT_INTERNAL_ERROR] tlsv1 alert internal error (_ssl.c:1006) (configured timeouts: socketTimeoutMS: 20000.0ms, connectTimeoutMS: 20000.0ms)')>, <ServerDescription ('ac-y0fvbni-shard-00-01.gilugwr.mongodb.net', 27017) server_type: Unknown, rtt: None, error=AutoReconnect('SSL handshake failed: ac-y0fvbni-shard-00-01.gilugwr.mongodb.net:27017: [SSL: TLSV1_ALERT_INTERNAL_ERROR] tlsv1 alert internal error (_ssl.c:1006) (configured timeouts: socketTimeoutMS: 20000.0ms, connectTimeoutMS: 20000.0ms)')>, <ServerDescription ('ac-y0fvbni-shard-00-02.gilugwr.mongodb.net', 27017) server_type: Unknown, rtt: None, error=AutoReconnect('SSL handshake failed: ac-y0fvbni-shard-00-02.gilugwr.mongodb.net:27017: [SSL: TLSV1_ALERT_INTERNAL_ERROR] tlsv1 alert internal error (_ssl.c:1006) (configured timeouts: socketTimeoutMS: 20000.0ms, connectTimeoutMS: 20000.0ms)')>]>

During handling of the above exception, another exception occurred:

Traceback (most recent call last):
  File "D:\AutoCare\machine_learning\training\diabetes\diabetes_work\components\data_ingestion.py", line 160, in initiate_data_ingestion
    dataframe = self.export_collection_as_dataframe()
                ^^^^^^^^^^^^^^^^^^^^^^^^^^^^^^^^^^^^^
  File "D:\AutoCare\machine_learning\training\diabetes\diabetes_work\components\data_ingestion.py", line 90, in export_collection_as_dataframe
    raise AutoCareException(e, sys)
autocare_utils.exception.AutoCareException: Error occurred in python script name [D:\AutoCare\machine_learning\training\diabetes\diabetes_work\components\data_ingestion.py] line number [76] error message [SSL handshake failed: ac-y0fvbni-shard-00-00.gilugwr.mongodb.net:27017: [SSL: TLSV1_ALERT_INTERNAL_ERROR] tlsv1 alert internal error (_ssl.c:1006) (configured timeouts: socketTimeoutMS: 20000.0ms, connectTimeoutMS: 20000.0ms),SSL handshake failed: ac-y0fvbni-shard-00-02.gilugwr.mongodb.net:27017: [SSL: TLSV1_ALERT_INTERNAL_ERROR] tlsv1 alert internal error (_ssl.c:1006) (configured timeouts: socketTimeoutMS: 20000.0ms, connectTimeoutMS: 20000.0ms),SSL handshake failed: ac-y0fvbni-shard-00-01.gilugwr.mongodb.net:27017: [SSL: TLSV1_ALERT_INTERNAL_ERROR] tlsv1 alert internal error (_ssl.c:1006) (configured timeouts: socketTimeoutMS: 20000.0ms, connectTimeoutMS: 20000.0ms), Timeout: 30s, Topology Description: <TopologyDescription id: 690eee40a3ec77ada40fef5f, topology_type: ReplicaSetNoPrimary, servers: [<ServerDescription ('ac-y0fvbni-shard-00-00.gilugwr.mongodb.net', 27017) server_type: Unknown, rtt: None, error=AutoReconnect('SSL handshake failed: ac-y0fvbni-shard-00-00.gilugwr.mongodb.net:27017: [SSL: TLSV1_ALERT_INTERNAL_ERROR] tlsv1 alert internal error (_ssl.c:1006) (configured timeouts: socketTimeoutMS: 20000.0ms, connectTimeoutMS: 20000.0ms)')>, <ServerDescription ('ac-y0fvbni-shard-00-01.gilugwr.mongodb.net', 27017) server_type: Unknown, rtt: None, error=AutoReconnect('SSL handshake failed: ac-y0fvbni-shard-00-01.gilugwr.mongodb.net:27017: [SSL: TLSV1_ALERT_INTERNAL_ERROR] tlsv1 alert internal error (_ssl.c:1006) (configured timeouts: socketTimeoutMS: 20000.0ms, connectTimeoutMS: 20000.0ms)')>, <ServerDescription ('ac-y0fvbni-shard-00-02.gilugwr.mongodb.net', 27017) server_type: Unknown, rtt: None, error=AutoReconnect('SSL handshake failed: ac-y0fvbni-shard-00-02.gilugwr.mongodb.net:27017: [SSL: TLSV1_ALERT_INTERNAL_ERROR] tlsv1 alert internal error (_ssl.c:1006) (configured timeouts: socketTimeoutMS: 20000.0ms, connectTimeoutMS: 20000.0ms)')>]>]

During handling of the above exception, another exception occurred:

Traceback (most recent call last):
  File "d:\AutoCare\machine_learning\training\diabetes\diabetes_work\test.py", line 51, in <module>
    data_ingestion_artifact = data_ingestion.initiate_data_ingestion()
                              ^^^^^^^^^^^^^^^^^^^^^^^^^^^^^^^^^^^^^^^^
  File "D:\AutoCare\machine_learning\training\diabetes\diabetes_work\components\data_ingestion.py", line 177, in initiate_data_ingestion
    raise AutoCareException(e, sys)
autocare_utils.exception.AutoCareException: Error occurred in python script name [D:\AutoCare\machine_learning\training\diabetes\diabetes_work\components\data_ingestion.py] line number [160] error message [Error occurred in python script name [D:\AutoCare\machine_learning\training\diabetes\diabetes_work\components\data_ingestion.py] line number [76] error message [SSL handshake failed: ac-y0fvbni-shard-00-00.gilugwr.mongodb.net:27017: [SSL: TLSV1_ALERT_INTERNAL_ERROR] tlsv1 alert internal error (_ssl.c:1006) (configured timeouts: socketTimeoutMS: 20000.0ms, connectTimeoutMS: 20000.0ms),SSL handshake failed: ac-y0fvbni-shard-00-02.gilugwr.mongodb.net:27017: [SSL: TLSV1_ALERT_INTERNAL_ERROR] tlsv1 alert internal error (_ssl.c:1006) (configured timeouts: socketTimeoutMS: 20000.0ms, connectTimeoutMS: 20000.0ms),SSL handshake failed: ac-y0fvbni-shard-00-01.gilugwr.mongodb.net:27017: [SSL: TLSV1_ALERT_INTERNAL_ERROR] tlsv1 alert internal error (_ssl.c:1006) (configured timeouts: socketTimeoutMS: 20000.0ms, connectTimeoutMS: 20000.0ms), Timeout: 30s, Topology Description: <TopologyDescription id: 690eee40a3ec77ada40fef5f, topology_type: ReplicaSetNoPrimary, servers: [<ServerDescription ('ac-y0fvbni-shard-00-00.gilugwr.mongodb.net', 27017) server_type: Unknown, rtt: None, error=AutoReconnect('SSL handshake failed: ac-y0fvbni-shard-00-00.gilugwr.mongodb.net:27017: [SSL: TLSV1_ALERT_INTERNAL_ERROR] tlsv1 alert internal error (_ssl.c:1006) (configured timeouts: socketTimeoutMS: 20000.0ms, connectTimeoutMS: 20000.0ms)')>, <ServerDescription ('ac-y0fvbni-shard-00-01.gilugwr.mongodb.net', 27017) server_type: Unknown, rtt: None, error=AutoReconnect('SSL handshake failed: ac-y0fvbni-shard-00-01.gilugwr.mongodb.net:27017: [SSL: TLSV1_ALERT_INTERNAL_ERROR] tlsv1 alert internal error (_ssl.c:1006) (configured timeouts: socketTimeoutMS: 20000.0ms, connectTimeoutMS: 20000.0ms)')>, <ServerDescription ('ac-y0fvbni-shard-00-02.gilugwr.mongodb.net', 27017) server_type: Unknown, rtt: None, error=AutoReconnect('SSL handshake failed: ac-y0fvbni-shard-00-02.gilugwr.mongodb.net:27017: [SSL: TLSV1_ALERT_INTERNAL_ERROR] tlsv1 alert internal error (_ssl.c:1006) (configured timeouts: socketTimeoutMS: 20000.0ms, connectTimeoutMS: 20000.0ms)')>]>]]
