[2025-11-27 10:21:30,922] INFO root:31 - \u2705 MongoDB connection string loaded from environment successfully.
[2025-11-27 10:21:31,185] INFO root:39 - ==========================================================================================
[2025-11-27 10:21:31,185] INFO root:40 - \U0001f680 Starting AutoCare Heart Training Pipeline
[2025-11-27 10:21:31,185] INFO root:41 - ==========================================================================================
[2025-11-27 10:21:31,201] INFO root:58 - \u2705 DataIngestion instance created successfully.
[2025-11-27 10:21:31,201] INFO root:165 - \U0001f680 Starting Data Ingestion Process...
[2025-11-27 10:21:31,201] INFO root:77 - \U0001f510 Connecting securely to MongoDB Atlas...
[2025-11-27 10:21:53,236] INFO root:90 - \u2705 Fetched 192076 rows and 12 columns from MongoDB collection.
[2025-11-27 10:21:54,413] INFO root:123 - \U0001f4e6 Raw data saved to feature store at: machine_learning\training\heart\heart_work\Artifacts\27_11_2025_10_21_30\data_ingestion\raw_data\Heart_73733 _Final_data.xlsx
[2025-11-27 10:21:54,414] INFO root:136 - \u2702 Performing train-test split on dataset...
[2025-11-27 10:21:55,667] INFO root:150 - \u2705 Train-Test Split Completed: Train((153660, 12)), Test((38416, 12))
[2025-11-27 10:21:55,675] INFO root:182 - \U0001f3c1 Data Ingestion Completed Successfully.
[2025-11-27 10:21:55,739] INFO root:50 - Schema file loaded successfully from machine_learning\training\heart\heart_work\schema\heart_schema.yaml
[2025-11-27 10:21:55,739] INFO root:150 - \U0001f680 Initiating Data Validation Process...
[2025-11-27 10:21:55,739] INFO root:59 - Reading dataset from: machine_learning\training\heart\heart_work\Artifacts\27_11_2025_10_21_30\data_ingestion\ingested\train.csv
[2025-11-27 10:21:56,069] INFO root:59 - Reading dataset from: machine_learning\training\heart\heart_work\Artifacts\27_11_2025_10_21_30\data_ingestion\ingested\test.csv
[2025-11-27 10:21:56,135] INFO root:73 - Schema requires 12 columns.
[2025-11-27 10:21:56,135] INFO root:74 - DataFrame contains 12 columns.
[2025-11-27 10:21:56,135] INFO root:84 - \u2705 Column validation successful.
[2025-11-27 10:21:56,135] INFO root:73 - Schema requires 12 columns.
[2025-11-27 10:21:56,141] INFO root:74 - DataFrame contains 12 columns.
[2025-11-27 10:21:56,141] INFO root:84 - \u2705 Column validation successful.
[2025-11-27 10:21:56,141] INFO root:98 - Starting dataset drift detection...
[2025-11-27 10:21:56,725] INFO root:134 - \u2705 Drift report saved at: machine_learning\training\heart\heart_work\Artifacts\27_11_2025_10_21_30\data_validation\drift_store\report.yaml
[2025-11-27 10:21:57,683] INFO root:180 - \u2705 Validated datasets saved successfully.
[2025-11-27 10:21:57,683] INFO root:192 - \U0001f3af Data Validation Completed | Drift Status: True
[2025-11-27 10:21:57,683] INFO root:61 - \u2705 Data validation passed.
[2025-11-27 10:21:57,683] INFO root:53 - \u2705 Heart DataTransformation instance created successfully.
[2025-11-27 10:21:57,683] INFO root:138 - \U0001f680 Starting HEART data transformation...
[2025-11-27 10:21:59,655] INFO root:91 - Entered the save object method of MainUtils class
[2025-11-27 10:21:59,672] INFO root:98 - exited the save object method of MainUtils class
[2025-11-27 10:21:59,739] INFO root:43 - \u2705 Heart ModelTrainer created.
[2025-11-27 10:21:59,740] INFO root:112 - \U0001f680 Starting Heart model training...
[2025-11-27 10:21:59,740] INFO root:49 - \U0001f4e5 Loading transformed arrays...
[2025-11-27 10:21:59,756] INFO root:56 - \U0001f4ca Train shape: (153660, 9), Test shape: (38416, 9)
[2025-11-27 10:21:59,756] INFO root:137 - \U0001f539 GridSearchCV for LogisticRegression
[2025-11-27 10:22:06,915] INFO root:148 -    LogisticRegression | CV F1: 0.7160 | Train F1: 0.7164 | Test F1: 0.7132
[2025-11-27 10:22:06,920] INFO root:137 - \U0001f539 GridSearchCV for RandomForest
[2025-11-27 10:23:40,099] INFO root:148 -    RandomForest | CV F1: 0.7164 | Train F1: 0.7164 | Test F1: 0.7132
[2025-11-27 10:23:40,100] INFO root:137 - \U0001f539 GridSearchCV for GradientBoosting
[2025-11-27 10:25:05,044] INFO root:148 -    GradientBoosting | CV F1: 0.7164 | Train F1: 0.7164 | Test F1: 0.7132
[2025-11-27 10:25:05,044] INFO root:137 - \U0001f539 GridSearchCV for XGBoost
[2025-11-27 10:25:32,825] INFO root:148 -    XGBoost | CV F1: 0.7164 | Train F1: 0.7164 | Test F1: 0.7132
[2025-11-27 10:25:32,826] INFO root:168 - \U0001f4dc Model Comparison Summary:
[2025-11-27 10:25:32,826] INFO root:169 - {
  "LogisticRegression": {
    "cv_best_f1": 0.7159829184505736,
    "best_params": {
      "C": 0.01
    },
    "train_f1": 0.7164194065757818,
    "test_f1": 0.7132473622508793,
    "test_accuracy_percent": 55.43002915451895,
    "precision": 0.5543002915451894,
    "recall": 1.0,
    "training_time_sec": 7.018447637557983
  },
  "RandomForest": {
    "cv_best_f1": 0.7164194065757817,
    "best_params": {
      "max_depth": 5,
      "n_estimators": 100
    },
    "train_f1": 0.7164194065757818,
    "test_f1": 0.7132473622508793,
    "test_accuracy_percent": 55.43002915451895,
    "precision": 0.5543002915451894,
    "recall": 1.0,
    "training_time_sec": 92.61978912353516
  },
  "GradientBoosting": {
    "cv_best_f1": 0.7164194065757817,
    "best_params": {
      "learning_rate": 0.01,
      "n_estimators": 100
    },
    "train_f1": 0.7164194065757818,
    "test_f1": 0.7132473622508793,
    "test_accuracy_percent": 55.43002915451895,
    "precision": 0.5543002915451894,
    "recall": 1.0,
    "training_time_sec": 84.74900221824646
  },
  "XGBoost": {
    "cv_best_f1": 0.7164194065757817,
    "best_params": {
      "learning_rate": 0.01,
      "max_depth": 3,
      "n_estimators": 100
    },
    "train_f1": 0.7164194065757818,
    "test_f1": 0.7132473622508793,
    "test_accuracy_percent": 55.43002915451895,
    "precision": 0.5543002915451894,
    "recall": 1.0,
    "training_time_sec": 27.57849621772766
  }
}
[2025-11-27 10:25:32,826] INFO root:174 - \U0001f3c6 Best Model: LogisticRegression | Test F1: 0.7132
[2025-11-27 10:25:32,827] INFO root:90 - Legacy object is transformer — returning it.
[2025-11-27 10:25:32,827] INFO root:91 - Entered the save object method of MainUtils class
[2025-11-27 10:25:32,829] INFO root:98 - exited the save object method of MainUtils class
[2025-11-27 10:25:32,829] INFO root:193 - \u2705 Inference pipeline saved: machine_learning\training\heart\heart_work\model_processor\model.pkl
[2025-11-27 10:25:32,829] INFO root:91 - Entered the save object method of MainUtils class
[2025-11-27 10:25:32,830] INFO root:98 - exited the save object method of MainUtils class
[2025-11-27 10:25:32,830] INFO root:197 - \u2705 Preprocessor saved: machine_learning\training\heart\heart_work\model_processor\preprocessor.pkl
[2025-11-27 10:25:32,831] INFO root:91 - Entered the save object method of MainUtils class
[2025-11-27 10:25:32,831] INFO root:98 - exited the save object method of MainUtils class
[2025-11-27 10:25:32,831] INFO root:203 - \U0001f4e6 Raw estimator saved: machine_learning\training\heart\heart_work\Artifacts\27_11_2025_10_21_30\model_trainer\trained_model\model.pkl
[2025-11-27 10:25:32,831] INFO root:214 - \u2705 Heart Model training completed.
[2025-11-27 10:25:32,836] INFO root:78 - ==========================================================================================
[2025-11-27 10:25:32,836] INFO root:79 - \U0001f3c1 AutoCare Heart Training Pipeline Completed
[2025-11-27 10:25:32,836] INFO root:80 - ==========================================================================================
