[2025-11-27 10:15:52,220] INFO root:31 - \u2705 MongoDB connection string loaded from environment successfully.
[2025-11-27 10:15:52,519] INFO root:39 - ==========================================================================================
[2025-11-27 10:15:52,519] INFO root:40 - \U0001f680 Starting AutoCare Heart Training Pipeline
[2025-11-27 10:15:52,519] INFO root:41 - ==========================================================================================
[2025-11-27 10:15:52,519] INFO root:58 - \u2705 DataIngestion instance created successfully.
[2025-11-27 10:15:52,519] INFO root:165 - \U0001f680 Starting Data Ingestion Process...
[2025-11-27 10:15:52,519] INFO root:77 - \U0001f510 Connecting securely to MongoDB Atlas...
[2025-11-27 10:16:10,091] INFO root:90 - \u2705 Fetched 192076 rows and 12 columns from MongoDB collection.
[2025-11-27 10:16:10,732] INFO root:123 - \U0001f4e6 Raw data saved to feature store at: machine_learning\training\heart\heart_work\Artifacts\27_11_2025_10_15_52\data_ingestion\raw_data\Heart_73733 _Final_data.xlsx
[2025-11-27 10:16:10,732] INFO root:136 - \u2702 Performing train-test split on dataset...
[2025-11-27 10:16:11,516] INFO root:150 - \u2705 Train-Test Split Completed: Train((153660, 12)), Test((38416, 12))
[2025-11-27 10:16:11,516] INFO root:182 - \U0001f3c1 Data Ingestion Completed Successfully.
[2025-11-27 10:16:11,566] INFO root:50 - Schema file loaded successfully from machine_learning\training\heart\heart_work\schema\heart_schema.yaml
[2025-11-27 10:16:11,566] INFO root:150 - \U0001f680 Initiating Data Validation Process...
[2025-11-27 10:16:11,566] INFO root:59 - Reading dataset from: machine_learning\training\heart\heart_work\Artifacts\27_11_2025_10_15_52\data_ingestion\ingested\train.csv
[2025-11-27 10:16:11,750] INFO root:59 - Reading dataset from: machine_learning\training\heart\heart_work\Artifacts\27_11_2025_10_15_52\data_ingestion\ingested\test.csv
[2025-11-27 10:16:11,783] INFO root:73 - Schema requires 12 columns.
[2025-11-27 10:16:11,783] INFO root:74 - DataFrame contains 12 columns.
[2025-11-27 10:16:11,783] INFO root:84 - \u2705 Column validation successful.
[2025-11-27 10:16:11,783] INFO root:73 - Schema requires 12 columns.
[2025-11-27 10:16:11,783] INFO root:74 - DataFrame contains 12 columns.
[2025-11-27 10:16:11,783] INFO root:84 - \u2705 Column validation successful.
[2025-11-27 10:16:11,783] INFO root:98 - Starting dataset drift detection...
[2025-11-27 10:16:12,192] INFO root:134 - \u2705 Drift report saved at: machine_learning\training\heart\heart_work\Artifacts\27_11_2025_10_15_52\data_validation\drift_store\report.yaml
[2025-11-27 10:16:12,783] INFO root:180 - \u2705 Validated datasets saved successfully.
[2025-11-27 10:16:12,783] INFO root:192 - \U0001f3af Data Validation Completed | Drift Status: True
[2025-11-27 10:16:12,789] INFO root:61 - \u2705 Data validation passed.
[2025-11-27 10:16:12,789] INFO root:53 - \u2705 Heart DataTransformation instance created successfully.
[2025-11-27 10:16:12,790] INFO root:99 - \U0001f680 Starting HEART data transformation...
[2025-11-27 10:16:13,099] ERROR root:83 - \u274c Exception during pipeline execution
Traceback (most recent call last):
  File "D:\AutoCare\.venv\Lib\site-packages\pandas\core\indexes\base.py", line 3812, in get_loc
    return self._engine.get_loc(casted_key)
           ^^^^^^^^^^^^^^^^^^^^^^^^^^^^^^^^
  File "pandas/_libs/index.pyx", line 167, in pandas._libs.index.IndexEngine.get_loc
  File "pandas/_libs/index.pyx", line 196, in pandas._libs.index.IndexEngine.get_loc
  File "pandas/_libs/hashtable_class_helper.pxi", line 7088, in pandas._libs.hashtable.PyObjectHashTable.get_item
  File "pandas/_libs/hashtable_class_helper.pxi", line 7096, in pandas._libs.hashtable.PyObjectHashTable.get_item
KeyError: 'age'

The above exception was the direct cause of the following exception:

Traceback (most recent call last):
  File "D:\AutoCare\machine_learning\training\heart\heart_work\components\data_transformation.py", line 76, in _prepare_dataframe
    df["age_category"] = df["age"].apply(lambda a: next((v for k,v in self.age_mapping.items() if eval(k.replace("-", " <= a <= ").replace("or older", "<= a"))), 13))
                         ~~^^^^^^^
  File "D:\AutoCare\.venv\Lib\site-packages\pandas\core\frame.py", line 4113, in __getitem__
    indexer = self.columns.get_loc(key)
              ^^^^^^^^^^^^^^^^^^^^^^^^^
  File "D:\AutoCare\.venv\Lib\site-packages\pandas\core\indexes\base.py", line 3819, in get_loc
    raise KeyError(key) from err
KeyError: 'age'

During handling of the above exception, another exception occurred:

Traceback (most recent call last):
  File "D:\AutoCare\machine_learning\training\heart\heart_work\components\data_transformation.py", line 101, in initiate_data_transformation
    train_df = self._prepare_dataframe(pd.read_csv(self.data_validation_artifact.valid_train_file_path))
               ^^^^^^^^^^^^^^^^^^^^^^^^^^^^^^^^^^^^^^^^^^^^^^^^^^^^^^^^^^^^^^^^^^^^^^^^^^^^^^^^^^^^^^^^^
  File "D:\AutoCare\machine_learning\training\heart\heart_work\components\data_transformation.py", line 92, in _prepare_dataframe
    raise AutoCareException(e, sys)
autocare_utils.exception.AutoCareException: Error occurred in python script name [D:\AutoCare\machine_learning\training\heart\heart_work\components\data_transformation.py] line number [76] error message ['age']

During handling of the above exception, another exception occurred:

Traceback (most recent call last):
  File "d:\AutoCare\machine_learning\training\heart\heart_work\pipeline\training_pipeline.py", line 67, in <module>
    transformation_artifact = transformation.initiate_data_transformation()
                              ^^^^^^^^^^^^^^^^^^^^^^^^^^^^^^^^^^^^^^^^^^^^^
  File "D:\AutoCare\machine_learning\training\heart\heart_work\components\data_transformation.py", line 138, in initiate_data_transformation
    raise AutoCareException(e, sys)
autocare_utils.exception.AutoCareException: Error occurred in python script name [D:\AutoCare\machine_learning\training\heart\heart_work\components\data_transformation.py] line number [101] error message [Error occurred in python script name [D:\AutoCare\machine_learning\training\heart\heart_work\components\data_transformation.py] line number [76] error message ['age']]
