[2025-11-22 16:03:18,239] INFO root:31 - \u2705 MongoDB connection string loaded from environment successfully.
[2025-11-22 16:03:18,548] INFO root:52 - ==========================================================================================
[2025-11-22 16:03:18,548] INFO root:53 - \U0001f680 Starting AutoCare heart ML Training Pipeline
[2025-11-22 16:03:18,548] INFO root:54 - ==========================================================================================
[2025-11-22 16:03:18,548] INFO root:60 - \u2699 Training Pipeline Configuration Initialized.
[2025-11-22 16:03:18,548] INFO root:65 - \U0001f4e5 Initiating Data Ingestion...
[2025-11-22 16:03:18,548] INFO root:58 - \u2705 DataIngestion instance created successfully.
[2025-11-22 16:03:18,548] INFO root:165 - \U0001f680 Starting Data Ingestion Process...
[2025-11-22 16:03:18,548] INFO root:77 - \U0001f510 Connecting securely to MongoDB Atlas...
[2025-11-22 16:03:32,753] INFO root:90 - \u2705 Fetched 192076 rows and 12 columns from MongoDB collection.
[2025-11-22 16:03:33,989] INFO root:123 - \U0001f4e6 Raw data saved to feature store at: machine_learning\training\heart\heart_work\Artifacts\22_11_2025_16_03_18\data_ingestion\raw_data\Heart_73733 _Final_data.xlsx
[2025-11-22 16:03:33,989] INFO root:136 - \u2702 Performing train-test split on dataset...
[2025-11-22 16:03:35,385] INFO root:150 - \u2705 Train-Test Split Completed: Train((153660, 12)), Test((38416, 12))
[2025-11-22 16:03:35,390] INFO root:182 - \U0001f3c1 Data Ingestion Completed Successfully.
[2025-11-22 16:03:35,438] INFO root:70 - \u2705 Data Ingestion Completed Successfully.
[2025-11-22 16:03:35,489] INFO root:76 - \U0001f50d Initiating Data Validation...
[2025-11-22 16:03:35,498] INFO root:50 - Schema file loaded successfully from machine_learning\training\heart\heart_work\schema\heart_schema.yaml
[2025-11-22 16:03:35,498] INFO root:150 - \U0001f680 Initiating Data Validation Process...
[2025-11-22 16:03:35,498] INFO root:59 - Reading dataset from: machine_learning\training\heart\heart_work\Artifacts\22_11_2025_16_03_18\data_ingestion\ingested\train.csv
[2025-11-22 16:03:35,787] INFO root:59 - Reading dataset from: machine_learning\training\heart\heart_work\Artifacts\22_11_2025_16_03_18\data_ingestion\ingested\test.csv
[2025-11-22 16:03:35,899] INFO root:73 - Schema requires 12 columns.
[2025-11-22 16:03:35,899] INFO root:74 - DataFrame contains 12 columns.
[2025-11-22 16:03:35,899] INFO root:84 - \u2705 Column validation successful.
[2025-11-22 16:03:35,899] INFO root:73 - Schema requires 12 columns.
[2025-11-22 16:03:35,899] INFO root:74 - DataFrame contains 12 columns.
[2025-11-22 16:03:35,899] INFO root:84 - \u2705 Column validation successful.
[2025-11-22 16:03:35,899] INFO root:98 - Starting dataset drift detection...
[2025-11-22 16:03:36,535] INFO root:134 - \u2705 Drift report saved at: machine_learning\training\heart\heart_work\Artifacts\22_11_2025_16_03_18\data_validation\drift_store\report.yaml
[2025-11-22 16:03:37,636] INFO root:180 - \u2705 Validated datasets saved successfully.
[2025-11-22 16:03:37,651] INFO root:192 - \U0001f3af Data Validation Completed | Drift Status: True
[2025-11-22 16:03:37,652] INFO root:84 - \u2705 Data Validation Completed Successfully.
[2025-11-22 16:03:37,652] INFO root:95 - \u2699 Initiating Data Transformation...
[2025-11-22 16:03:37,652] INFO root:46 - \u2705 Heart DataTransformation instance created successfully.
[2025-11-22 16:03:37,652] INFO root:183 - \U0001f680 Starting HEART data transformation...
[2025-11-22 16:03:37,912] INFO root:57 - Loaded dataset: machine_learning\training\heart\heart_work\Artifacts\22_11_2025_16_03_18\data_validation\validated\train.csv, Shape: (153660, 12)
[2025-11-22 16:03:37,978] INFO root:57 - Loaded dataset: machine_learning\training\heart\heart_work\Artifacts\22_11_2025_16_03_18\data_validation\validated\test.csv, Shape: (38416, 12)
[2025-11-22 16:03:39,306] INFO root:172 - Processed DF Columns: ['age_category', 'gender', 'obesity', 'hypertension', 'highchol', 'heart_attack_history', 'chest_pain', 'smoking', 'alcohol', 'physactivity', 'stress_category', 'heart_disease']
[2025-11-22 16:03:39,573] INFO root:172 - Processed DF Columns: ['age_category', 'gender', 'obesity', 'hypertension', 'highchol', 'heart_attack_history', 'chest_pain', 'smoking', 'alcohol', 'physactivity', 'stress_category', 'heart_disease']
[2025-11-22 16:03:39,917] INFO root:91 - Entered the save object method of MainUtils class
[2025-11-22 16:03:39,917] INFO root:98 - exited the save object method of MainUtils class
[2025-11-22 16:03:39,917] INFO root:220 - Preprocessor saved at: machine_learning\training\heart\heart_work\Artifacts\22_11_2025_16_03_18\data_transformation\transformed_object\preprocessing.pkl
[2025-11-22 16:03:39,939] INFO root:229 - Transformed train/test arrays saved successfully.
[2025-11-22 16:03:39,939] INFO root:238 - \u2705 HEART Data Transformation Completed!
[2025-11-22 16:03:39,948] INFO root:103 - \u2705 Data Transformation Completed Successfully.
[2025-11-22 16:03:39,948] INFO root:109 - \U0001f916 Initiating Model Training...
[2025-11-22 16:03:39,948] INFO root:52 - \u2705 ModelTrainer instance created successfully.
[2025-11-22 16:03:39,948] INFO root:106 - \U0001f680 Initiating Model Training Process...
[2025-11-22 16:03:39,948] INFO root:61 - \U0001f4e5 Loading transformed train/test arrays...
[2025-11-22 16:03:39,969] INFO root:68 - \U0001f4ca Train shape: (153660, 10), Test shape: (38416, 10)
[2025-11-22 16:03:39,969] INFO root:142 - \U0001f539 Starting GridSearchCV for: LogisticRegression
[2025-11-22 16:03:47,433] INFO root:153 - \u2705 LogisticRegression tuning completed in 7.5 sec
[2025-11-22 16:03:47,433] INFO root:154 -    \U0001f527 Best Params: {'C': 0.01}
[2025-11-22 16:03:47,433] INFO root:155 -    \U0001f4c8 CV Best F1: 0.7155
[2025-11-22 16:03:47,616] INFO root:159 -    \U0001f4ca Train F1: 0.7160, Test F1: 0.7128
[2025-11-22 16:03:47,616] INFO root:142 - \U0001f539 Starting GridSearchCV for: RandomForest
[2025-11-22 16:05:31,682] INFO root:153 - \u2705 RandomForest tuning completed in 104.1 sec
[2025-11-22 16:05:31,682] INFO root:154 -    \U0001f527 Best Params: {'max_depth': 5, 'n_estimators': 100}
[2025-11-22 16:05:31,682] INFO root:155 -    \U0001f4c8 CV Best F1: 0.7164
[2025-11-22 16:05:32,344] INFO root:159 -    \U0001f4ca Train F1: 0.7164, Test F1: 0.7132
[2025-11-22 16:05:32,344] INFO root:142 - \U0001f539 Starting GridSearchCV for: GradientBoosting
[2025-11-22 16:07:43,717] INFO root:153 - \u2705 GradientBoosting tuning completed in 131.4 sec
[2025-11-22 16:07:43,718] INFO root:154 -    \U0001f527 Best Params: {'learning_rate': 0.01, 'n_estimators': 100}
[2025-11-22 16:07:43,718] INFO root:155 -    \U0001f4c8 CV Best F1: 0.7164
[2025-11-22 16:07:44,017] INFO root:159 -    \U0001f4ca Train F1: 0.7164, Test F1: 0.7132
[2025-11-22 16:07:44,017] INFO root:142 - \U0001f539 Starting GridSearchCV for: XGBoost
[2025-11-22 16:08:25,600] INFO root:153 - \u2705 XGBoost tuning completed in 41.6 sec
[2025-11-22 16:08:25,600] INFO root:154 -    \U0001f527 Best Params: {'learning_rate': 0.01, 'max_depth': 3, 'n_estimators': 100}
[2025-11-22 16:08:25,600] INFO root:155 -    \U0001f4c8 CV Best F1: 0.7164
[2025-11-22 16:08:25,810] INFO root:159 -    \U0001f4ca Train F1: 0.7164, Test F1: 0.7132
[2025-11-22 16:08:25,810] INFO root:182 - \U0001f4dc Model Comparison Summary:
[2025-11-22 16:08:25,810] INFO root:183 - {
  "LogisticRegression": {
    "cv_best_f1": 0.7154866368296502,
    "best_params": {
      "C": 0.01
    },
    "train_f1": 0.7160166461030134,
    "test_f1": 0.7127882599580713,
    "test_accuracy_percent": 55.81218274111676,
    "precision": 0.554381571052151,
    "recall": 0.9979336902413826,
    "training_time_sec": 7.463435888290405
  },
  "RandomForest": {
    "cv_best_f1": 0.7164194065757817,
    "best_params": {
      "max_depth": 5,
      "n_estimators": 100
    },
    "train_f1": 0.7164194065757818,
    "test_f1": 0.7132473622508793,
    "test_accuracy_percent": 55.8141351034752,
    "precision": 0.5543002915451894,
    "recall": 1.0,
    "training_time_sec": 104.06663155555725
  },
  "GradientBoosting": {
    "cv_best_f1": 0.7164194065757817,
    "best_params": {
      "learning_rate": 0.01,
      "n_estimators": 100
    },
    "train_f1": 0.7164194065757818,
    "test_f1": 0.7132473622508793,
    "test_accuracy_percent": 55.8141351034752,
    "precision": 0.5543002915451894,
    "recall": 1.0,
    "training_time_sec": 131.37216448783875
  },
  "XGBoost": {
    "cv_best_f1": 0.7164194065757817,
    "best_params": {
      "learning_rate": 0.01,
      "max_depth": 3,
      "n_estimators": 100
    },
    "train_f1": 0.7164194065757818,
    "test_f1": 0.7132473622508793,
    "test_accuracy_percent": 55.8141351034752,
    "precision": 0.5543002915451894,
    "recall": 1.0,
    "training_time_sec": 41.583215951919556
  }
}
[2025-11-22 16:08:25,810] INFO root:188 - \U0001f3c6 Best Model: RandomForest | Test F1: 0.7132
[2025-11-22 16:08:25,810] INFO root:91 - Entered the save object method of MainUtils class
[2025-11-22 16:08:25,810] INFO root:98 - exited the save object method of MainUtils class
[2025-11-22 16:08:25,818] INFO root:200 - \u2705 Best model saved at: machine_learning\training\heart\heart_work\model_processor\model.pkl
[2025-11-22 16:08:25,819] INFO root:91 - Entered the save object method of MainUtils class
[2025-11-22 16:08:25,819] INFO root:98 - exited the save object method of MainUtils class
[2025-11-22 16:08:25,819] INFO root:208 - \u2705 Preprocessor saved at: machine_learning\training\heart\heart_work\model_processor\preprocessor.pkl
[2025-11-22 16:08:25,819] INFO root:91 - Entered the save object method of MainUtils class
[2025-11-22 16:08:25,819] INFO root:98 - exited the save object method of MainUtils class
[2025-11-22 16:08:25,819] INFO root:218 - \U0001f4e6 Model also stored under artifacts: machine_learning\training\heart\heart_work\Artifacts\22_11_2025_16_03_18\model_trainer\trained_model\model.pkl
[2025-11-22 16:08:25,819] INFO root:229 - \u2705 Model Training Completed Successfully.
[2025-11-22 16:08:25,819] INFO root:117 - \u2705 Model Training Completed Successfully.
[2025-11-22 16:08:25,819] INFO root:123 - ==========================================================================================
[2025-11-22 16:08:25,829] INFO root:124 - \U0001f3c1 AutoCare Diabetes Training Pipeline Finished Successfully!
[2025-11-22 16:08:25,829] INFO root:125 - ==========================================================================================
